\BOOKMARK [0][-]{titulo.0}{\376\377\000P\000\341\000g\000i\000n\000a\000\040\000d\000e\000\040\000T\000\355\000t\000u\000l\000o}{}% 1
\BOOKMARK [0][-]{indices.0}{\376\377\000\315\000n\000d\000i\000c\000e\000s}{}% 2
\BOOKMARK [1][-]{tabla de contenidos.1}{\376\377\000T\000a\000b\000l\000a\000\040\000d\000e\000\040\000C\000o\000n\000t\000e\000n\000i\000d\000o\000s}{indices.0}% 3
\BOOKMARK [1][-]{indice de figuras.1}{\376\377\000\315\000n\000d\000i\000c\000e\000\040\000d\000e\000\040\000f\000i\000g\000u\000r\000a\000s}{indices.0}% 4
\BOOKMARK [1][-]{indice de tablas.1}{\376\377\000\315\000n\000d\000i\000c\000e\000\040\000d\000e\000\040\000t\000a\000b\000l\000a\000s}{indices.0}% 5
\BOOKMARK [0][-]{chapter.8}{\376\377\000I\000n\000t\000r\000o\000d\000u\000c\000c\000i\000\363\000n}{}% 6
\BOOKMARK [1][-]{section.9}{\376\377\000M\000o\000t\000i\000v\000a\000c\000i\000\363\000n}{chapter.8}% 7
\BOOKMARK [1][-]{section.11}{\376\377\000O\000b\000j\000e\000t\000i\000v\000o\000s}{chapter.8}% 8
\BOOKMARK [1][-]{section.12}{\376\377\000P\000l\000a\000n\000\040\000d\000e\000\040\000t\000r\000a\000b\000a\000j\000o}{chapter.8}% 9
\BOOKMARK [2][-]{subsection.13}{\376\377\000E\000t\000a\000p\000a\000\040\0001\000:\000\040\000I\000n\000v\000e\000s\000t\000i\000g\000a\000c\000i\000\363\000n\000\040\000p\000r\000e\000v\000i\000a\000\040}{section.12}% 10
\BOOKMARK [2][-]{subsection.14}{\376\377\000E\000t\000a\000p\000a\000\040\0002\000:\000\040\000D\000e\000s\000a\000r\000r\000o\000l\000l\000o\000\040\000d\000e\000\040\000u\000n\000\040\000p\000r\000o\000t\000o\000t\000i\000p\000o\000\040\000f\000u\000n\000c\000i\000o\000n\000a\000l\000\040\000b\000\341\000s\000i\000c\000o}{section.12}% 11
\BOOKMARK [2][-]{subsection.15}{\376\377\000E\000t\000a\000p\000a\000\040\0003\000:\000\040\000M\000o\000d\000u\000l\000a\000r\000i\000z\000a\000c\000i\000\363\000n\000\040\000y\000\040\000a\000m\000p\000l\000i\000a\000c\000i\000\363\000n\000\040\000d\000e\000\040\000f\000u\000n\000c\000i\000o\000n\000a\000l\000i\000d\000a\000d\000e\000s}{section.12}% 12
\BOOKMARK [2][-]{subsection.16}{\376\377\000E\000t\000a\000p\000a\000\040\0004\000:\000\040\000C\000r\000e\000a\000c\000i\000\363\000n\000\040\000d\000e\000\040\000l\000a\000\040\000C\000L\000I}{section.12}% 13
\BOOKMARK [2][-]{subsection.17}{\376\377\000E\000t\000a\000p\000a\000\040\0005\000:\000\040\000P\000r\000u\000e\000b\000a\000s\000\040\000d\000e\000\040\000l\000a\000\040\000h\000e\000r\000r\000a\000m\000i\000e\000n\000t\000a}{section.12}% 14
\BOOKMARK [2][-]{subsection.18}{\376\377\000E\000t\000a\000p\000a\000\040\0006\000:\000\040\000D\000o\000c\000u\000m\000e\000n\000t\000a\000c\000i\000\363\000n}{section.12}% 15
\BOOKMARK [0][-]{chapter.19}{\376\377\000E\000s\000t\000a\000d\000o\000\040\000d\000e\000\040\000l\000a\000\040\000C\000u\000e\000s\000t\000i\000\363\000n}{}% 16
\BOOKMARK [1][-]{section.20}{\376\377\000C\000o\000d\000i\000f\000i\000c\000a\000c\000i\000\363\000n\000\040\000y\000\040\000d\000e\000c\000o\000d\000i\000f\000i\000c\000a\000c\000i\000\363\000n\000\040\000d\000e\000\040\000i\000m\000a\000g\000e\000n\000\040\000y\000\040\000a\000u\000d\000i\000o}{chapter.19}% 17
\BOOKMARK [2][-]{subsection.21}{\376\377\000I\000m\000a\000g\000e\000n}{section.20}% 18
\BOOKMARK [2][-]{subsection.24}{\376\377\000A\000u\000d\000i\000o}{section.20}% 19
\BOOKMARK [1][-]{section.26}{\376\377\000E\000s\000t\000e\000g\000a\000n\000o\000g\000r\000a\000f\000\355\000a}{chapter.19}% 20
\BOOKMARK [2][-]{subsection.27}{\376\377\000O\000r\000\355\000g\000e\000n\000e\000s}{section.26}% 21
\BOOKMARK [2][-]{subsection.30}{\376\377\000D\000e\000s\000c\000r\000i\000p\000c\000i\000\363\000n}{section.26}% 22
\BOOKMARK [2][-]{subsection.32}{\376\377\000T\000i\000p\000o\000s\000\040\000d\000e\000\040\000e\000s\000t\000e\000g\000a\000n\000o\000g\000r\000a\000f\000\355\000a}{section.26}% 23
\BOOKMARK [2][-]{subsection.34}{\376\377\000E\000s\000t\000e\000g\000a\000n\000o\000g\000r\000a\000f\000\355\000a\000\040\000e\000n\000\040\000c\000o\000n\000t\000e\000n\000i\000d\000o\000\040\000m\000u\000l\000t\000i\000m\000e\000d\000i\000a}{section.26}% 24
\BOOKMARK [1][-]{section.37}{\376\377\000C\000r\000i\000p\000t\000o\000g\000r\000a\000f\000\355\000a}{chapter.19}% 25
\BOOKMARK [2][-]{subsection.38}{\376\377\000C\000r\000i\000p\000t\000o\000g\000r\000a\000f\000\355\000a\000\040\000d\000e\000\040\000c\000l\000a\000v\000e\000\040\000s\000e\000c\000r\000e\000t\000a\000\040}{section.37}% 26
\BOOKMARK [2][-]{subsection.51}{\376\377\000C\000r\000i\000p\000t\000o\000g\000r\000a\000f\000\355\000a\000\040\000d\000e\000\040\000c\000l\000a\000v\000e\000\040\000p\000\372\000b\000l\000i\000c\000a\000\040}{section.37}% 27
\BOOKMARK [1][-]{section.62}{\376\377\000T\000r\000a\000n\000s\000m\000i\000s\000i\000\363\000n\000\040\000d\000e\000\040\000d\000a\000t\000o\000s\000\040\000m\000e\000d\000i\000a\000n\000t\000e\000\040\000S\000S\000T\000V}{chapter.19}% 28
\BOOKMARK [1][-]{section.66}{\376\377\000C\000o\000m\000p\000a\000r\000a\000c\000i\000\363\000n\000\040\000c\000o\000n\000\040\000o\000t\000r\000a\000s\000\040\000h\000e\000r\000r\000a\000m\000i\000e\000n\000t\000a\000s}{chapter.19}% 29
\BOOKMARK [0][-]{chapter.73}{\376\377\000A\000r\000q\000u\000i\000t\000e\000c\000t\000u\000r\000a\000\040\000d\000e\000l\000\040\000S\000i\000s\000t\000e\000m\000a}{}% 30
\BOOKMARK [1][-]{section.74}{\376\377\000D\000i\000a\000g\000r\000a\000m\000a\000s\000\040\000d\000e\000\040\000c\000l\000a\000s\000e\000s}{chapter.73}% 31
\BOOKMARK [1][-]{section.84}{\376\377\000D\000i\000a\000g\000r\000a\000m\000a\000s\000\040\000d\000e\000\040\000s\000e\000c\000u\000e\000n\000c\000i\000a}{chapter.73}% 32
\BOOKMARK [0][-]{chapter.108}{\376\377\000P\000r\000u\000e\000b\000a\000s\000\040\000e\000x\000p\000e\000r\000i\000m\000e\000n\000t\000a\000l\000e\000s}{}% 33
\BOOKMARK [1][-]{section.109}{\376\377\000T\000r\000a\000n\000s\000m\000i\000s\000i\000\363\000n\000\040\000v\000\355\000a\000\040\000r\000a\000d\000i\000o\000f\000r\000e\000c\000u\000e\000n\000c\000i\000a}{chapter.108}% 34
\BOOKMARK [2][-]{subsection.110}{\376\377\000G\000e\000n\000e\000r\000a\000c\000i\000\363\000n\000\040\000d\000e\000l\000\040\000a\000r\000c\000h\000i\000v\000o\000\040\000p\000o\000r\000t\000a\000d\000o\000r}{section.109}% 35
\BOOKMARK [2][-]{subsection.113}{\376\377\000R\000e\000s\000u\000l\000t\000a\000d\000o}{section.109}% 36
\BOOKMARK [1][-]{section.118}{\376\377\000D\000i\000f\000u\000s\000i\000\363\000n\000\040\000e\000n\000\040\000l\000a\000\040\000r\000e\000d\000\040\000p\000\372\000b\000l\000i\000c\000a}{chapter.108}% 37
\BOOKMARK [2][-]{subsection.119}{\376\377\000G\000e\000n\000e\000r\000a\000c\000i\000\363\000n\000\040\000d\000e\000\040\000l\000o\000s\000\040\000a\000r\000c\000h\000i\000v\000o\000s\000\040\000p\000o\000r\000t\000a\000d\000o\000r\000e\000s}{section.118}% 38
\BOOKMARK [2][-]{subsection.124}{\376\377\000R\000e\000s\000u\000l\000t\000a\000d\000o}{section.118}% 39
\BOOKMARK [1][-]{section.129}{\376\377\000A\000n\000\341\000l\000i\000s\000i\000s\000\040\000d\000e\000\040\000O\000c\000u\000l\000t\000a\000d\000o\000r\000T\000e\000x\000t}{chapter.108}% 40
\BOOKMARK [2][-]{subsection.133}{\376\377\000A\000n\000\341\000l\000i\000s\000i\000s\000\040\000d\000e\000\040\000T\000e\000s\000s\000e\000r\000a\000c\000t\000-\000O\000C\000R}{section.129}% 41
\BOOKMARK [2][-]{subsection.139}{\376\377\000A\000n\000\341\000l\000i\000s\000i\000s\000\040\000d\000e\000\040\000E\000a\000s\000y\000O\000C\000R}{section.129}% 42
\BOOKMARK [0][-]{chapter.145}{\376\377\000T\000e\000c\000n\000o\000l\000o\000g\000\355\000a\000s\000\040\000d\000e\000s\000c\000a\000r\000t\000a\000d\000a\000s}{}% 43
\BOOKMARK [0][-]{chapter.146}{\376\377\000C\000o\000n\000c\000l\000u\000s\000i\000o\000n\000e\000s\000\040\000y\000\040\000T\000r\000a\000b\000a\000j\000o\000\040\000F\000u\000t\000u\000r\000o}{}% 44
\BOOKMARK [1][-]{section.147}{\376\377\000C\000o\000n\000c\000l\000u\000s\000i\000o\000n\000e\000s\000\040\000d\000e\000\040\000l\000a\000\040\000h\000e\000r\000r\000a\000m\000i\000e\000n\000t\000a}{chapter.146}% 45
\BOOKMARK [1][-]{section.148}{\376\377\000\040\000T\000r\000a\000b\000a\000j\000o\000\040\000f\000u\000t\000u\000r\000o}{chapter.146}% 46
\BOOKMARK [0][-]{chapter*.149}{\376\377\000I\000n\000t\000r\000o\000d\000u\000c\000t\000i\000o\000n}{}% 47
\BOOKMARK [1][-]{section.150}{\376\377\000M\000o\000t\000i\000v\000a\000t\000i\000o\000n}{chapter*.149}% 48
\BOOKMARK [1][-]{section.152}{\376\377\000O\000b\000j\000e\000c\000t\000i\000v\000e\000s}{chapter*.149}% 49
\BOOKMARK [1][-]{section.153}{\376\377\000W\000o\000r\000k\000\040\000p\000l\000a\000n}{chapter*.149}% 50
\BOOKMARK [2][-]{subsection.154}{\376\377\000S\000t\000a\000g\000e\000\040\0001\000:\000\040\000P\000r\000e\000l\000i\000m\000i\000n\000a\000r\000y\000\040\000R\000e\000s\000e\000a\000r\000c\000h\000\040}{section.153}% 51
\BOOKMARK [2][-]{subsection.155}{\376\377\000S\000t\000a\000g\000e\000\040\0002\000:\000\040\000D\000e\000v\000e\000l\000o\000p\000m\000e\000n\000t\000\040\000o\000f\000\040\000a\000\040\000B\000a\000s\000i\000c\000\040\000F\000u\000n\000c\000t\000i\000o\000n\000a\000l\000\040\000P\000r\000o\000t\000o\000t\000y\000p\000e}{section.153}% 52
\BOOKMARK [2][-]{subsection.156}{\376\377\000S\000t\000a\000g\000e\000\040\0003\000:\000\040\000M\000o\000d\000u\000l\000a\000r\000i\000z\000a\000t\000i\000o\000n\000\040\000a\000n\000d\000\040\000E\000n\000h\000a\000n\000c\000e\000m\000e\000n\000t\000\040\000o\000f\000\040\000F\000u\000n\000c\000t\000i\000o\000n\000a\000l\000i\000t\000i\000e\000s}{section.153}% 53
\BOOKMARK [2][-]{subsection.157}{\376\377\000S\000t\000a\000g\000e\000\040\0004\000:\000\040\000C\000r\000e\000a\000t\000i\000o\000n\000\040\000o\000f\000\040\000t\000h\000e\000\040\000C\000L\000I\000\040}{section.153}% 54
\BOOKMARK [2][-]{subsection.158}{\376\377\000S\000t\000a\000g\000e\000\040\0005\000:\000\040\000T\000o\000o\000l\000\040\000T\000e\000s\000t\000i\000n\000g\000\040}{section.153}% 55
\BOOKMARK [2][-]{subsection.159}{\376\377\000S\000t\000a\000g\000e\000\040\0006\000:\000\040\000D\000o\000c\000u\000m\000e\000n\000t\000a\000t\000i\000o\000n}{section.153}% 56
\BOOKMARK [0][-]{chapter*.160}{\376\377\000C\000o\000n\000c\000l\000u\000s\000i\000o\000n\000s\000\040\000a\000n\000d\000\040\000F\000u\000t\000u\000r\000e\000\040\000W\000o\000r\000k}{}% 57
\BOOKMARK [1][-]{section.161}{\376\377\000C\000o\000n\000c\000l\000u\000s\000i\000o\000n\000s\000\040\000o\000f\000\040\000t\000h\000e\000\040\000t\000o\000o\000l\000\040}{chapter*.160}% 58
\BOOKMARK [1][-]{section.162}{\376\377\000\040\000F\000u\000t\000u\000r\000e\000\040\000W\000o\000r\000k\000\040}{chapter*.160}% 59
\BOOKMARK [0][-]{chapter*.163}{\376\377\000C\000o\000n\000t\000r\000i\000b\000u\000c\000i\000o\000n\000e\000s\000\040\000P\000e\000r\000s\000o\000n\000a\000l\000e\000s}{}% 60
\BOOKMARK [0][-]{chapter*.164}{\376\377\000B\000i\000b\000l\000i\000o\000g\000r\000a\000f\000\355\000a}{}% 61
\BOOKMARK [0][-]{appendix.165}{\376\377\000G\000u\000\355\000a\000\040\000d\000e\000\040\000i\000n\000s\000t\000a\000l\000a\000c\000i\000\363\000n}{}% 62
\BOOKMARK [0][-]{appendix.166}{\376\377\000M\000a\000n\000u\000a\000l\000\040\000d\000e\000\040\000u\000s\000o}{}% 63
\BOOKMARK [1][-]{section.167}{\376\377\000E\000j\000e\000m\000p\000l\000o\000s\000\040\000d\000e\000\040\000E\000j\000e\000c\000u\000c\000i\000\363\000n}{appendix.166}% 64
\BOOKMARK [2][-]{subsection.168}{\376\377\000U\000s\000o\000\040\000d\000e\000\040\000a\000l\000g\000o\000r\000i\000t\000m\000o\000s\000\040\000d\000e\000\040\000o\000c\000u\000l\000t\000a\000c\000i\000\363\000n\000\040\000b\000a\000s\000a\000d\000o\000s\000\040\000e\000n\000\040\000L\000S\000B}{section.167}% 65
\BOOKMARK [2][-]{subsection.173}{\376\377\000S\000S\000T\000V}{section.167}% 66
\BOOKMARK [1][-]{section.186}{\376\377\000D\000o\000c\000u\000m\000e\000n\000t\000a\000c\000i\000\363\000n\000\040\000d\000e\000l\000\040\000a\000r\000c\000h\000i\000v\000o\000\040\000d\000e\000\040\000c\000o\000n\000f\000i\000g\000u\000r\000a\000c\000i\000\363\000n\000,\000\040\000`\000`\000c\000o\000n\000f\000i\000g\000u\000r\000a\000c\000i\000o\000n\000.\000t\000o\000m\000l\000'\000'}{appendix.166}% 67
\BOOKMARK [0][-]{appendix.187}{\376\377\000I\000n\000f\000o\000r\000m\000a\000c\000i\000\363\000n\000\040\000e\000x\000t\000r\000a\000\040\000d\000e\000l\000\040\000a\000n\000\341\000l\000i\000s\000i\000s\000\040\000d\000e\000\040\000O\000c\000u\000l\000t\000a\000d\000o\000r\000T\000e\000x\000t\000,\000\040\0004\000.\0003}{}% 68
\BOOKMARK [1][-]{section.188}{\376\377\000F\000u\000e\000n\000t\000e\000s\000\040\000u\000t\000i\000l\000i\000z\000a\000d\000a\000s}{appendix.187}% 69
\BOOKMARK [1][-]{section.189}{\376\377\000F\000r\000a\000s\000e\000s\000\040\000u\000t\000i\000l\000i\000z\000a\000d\000a\000s}{appendix.187}% 70
